// Jest Snapshot v1, https://goo.gl/fbAQLP

exports[`<PolicyEmptyPrompt /> spec renders the component 1`] = `
<div
  class="euiEmptyPrompt"
  style="max-width: 45em;"
>
  <span
    class="euiTextColor euiTextColor--subdued"
  >
    <div
      class="euiText euiText--medium"
    >
      <div
        class="euiText euiText--small"
      >
        <p>
          There are no existing policies. Create a policy to apply to your indices.
        </p>
      </div>
    </div>
  </span>
  <div
    class="euiSpacer euiSpacer--l"
  />
  <button
    class="euiButton euiButton--primary euiButton--small euiButton--fill"
    type="button"
  >
    <span
      class="euiButtonContent euiButton__content"
    >
      EuiIconMock
      <span
        class="euiButton__text"
      >
        Create policy
      </span>
    </span>
  </button>
</div>
`;
