// Jest Snapshot v1, https://goo.gl/fbAQLP

exports[`<FormGenerator /> spec render the component 1`] = `
HTMLCollection [
  <div
    id="app-wrapper"
  >
    <section
      aria-label="Page level controls"
      class="euiBottomBar euiBottomBar--sticky euiBottomBar--paddingMedium"
    >
      <h2
        class="euiScreenReaderOnly"
      >
        Page level controls
      </h2>
      <div
        class="euiFlexGroup euiFlexGroup--gutterSmall euiFlexGroup--alignItemsCenter euiFlexGroup--justifyContentSpaceBetween euiFlexGroup--directionRow euiFlexGroup--responsive"
      >
        <div
          class="euiFlexItem euiFlexItem--flexGrowZero"
        >
          <button
            class="euiButtonEmpty euiButtonEmpty--ghost euiButtonEmpty--small"
            type="button"
          >
            <span
              class="euiButtonContent euiButtonEmpty__content"
            >
              EuiIconMock
              <span
                class="euiButtonEmpty__text"
              >
                Cancel
              </span>
            </span>
          </button>
        </div>
        <div
          class="euiFlexItem euiFlexItem--flexGrowZero"
        >
          <button
            class="euiButton euiButton--primary euiButton--small euiButton--fill"
            type="button"
          >
            <span
              class="euiButtonContent euiButton__content"
            >
              EuiIconMock
              <span
                class="euiButton__text"
              >
                Save
              </span>
            </span>
          </button>
        </div>
      </div>
    </section>
    <p
      aria-live="assertive"
      class="euiScreenReaderOnly"
    >
      There is a new region landmark with page level controls at the end of the document.
    </p>
  </div>,
  <div />,
]
`;
